[www.esteslineguzellik.com.tr/index.html]
[backblue.gif]
[fade.gif]
[index.html]
[www.esteslineguzellik.com.tr/dsm_include/favicon/favicon-96x96.png]
[www.esteslineguzellik.com.tr/dsm_include/favicon/apple-icon-57x57.png]
[www.esteslineguzellik.com.tr/dsm_include/favicon/apple-icon-60x60.png]
[www.esteslineguzellik.com.tr/dsm_include/favicon/apple-icon-72x72.png]
[www.esteslineguzellik.com.tr/dsm_include/favicon/apple-icon-76x76.png]
[www.esteslineguzellik.com.tr/dsm_include/favicon/apple-icon-114x114.png]
[www.esteslineguzellik.com.tr/dsm_include/favicon/apple-icon-120x120.png]
[www.esteslineguzellik.com.tr/dsm_include/favicon/apple-icon-144x144.png]
[www.esteslineguzellik.com.tr/dsm_include/favicon/apple-icon-152x152.png]
[www.esteslineguzellik.com.tr/dsm_include/favicon/apple-icon-180x180.png]
[www.esteslineguzellik.com.tr/dsm_include/favicon/android-icon-192x192.png]
[www.esteslineguzellik.com.tr/dsm_include/favicon/favicon-32x32.png]
[www.esteslineguzellik.com.tr/dsm_include/favicon/favicon-16x16.png]
[www.esteslineguzellik.com.tr/dsm_include/favicon/ms-icon-144x144.png]
[www.esteslineguzellik.com.tr/dsm_include/css/plugins/font-awesome.min.css]
[www.esteslineguzellik.com.tr/dsm_include/css/plugins/icofont.min.css]
[www.esteslineguzellik.com.tr/dsm_include/css/plugins/bootstrap.min.css]
[www.esteslineguzellik.com.tr/dsm_include/css/plugins/animate.min.css]
[www.esteslineguzellik.com.tr/dsm_include/css/plugins/swiper-bundle.min.css]
[www.esteslineguzellik.com.tr/dsm_include/css/plugins/nouislider.css]
[www.esteslineguzellik.com.tr/dsm_include/css/plugins/star-rating.css]
[www.esteslineguzellik.com.tr/dsm_include/css/plugins/nice-select2.css]
[www.esteslineguzellik.com.tr/dsm_include/css/plugins/glightbox.min.css]
[www.esteslineguzellik.com.tr/dsm_include/css/plugins/aos.css]
[www.esteslineguzellik.com.tr/dsm_include/css/style.min.css]
[www.esteslineguzellik.com.tr/dsm_include/css/jquery.fancybox.min.css]
[www.nigtekasansor.com/dsm_include/css/jquery.fancybox.min.css]
[www.esteslineguzellik.com.tr/dsm_include/images/logo.png]
[connect.facebook.net/en_US/fbevents.js]
[www.esteslineguzellik.com.tr/hakkimizda.html]
[www.esteslineguzellik.com.tr/sertifikalar.html]
[www.esteslineguzellik.com.tr/ekibimiz.html]
[www.esteslineguzellik.com.tr/haberler.html]
[www.esteslineguzellik.com.tr/hizmetler.html]
[www.esteslineguzellik.com.tr/hizmetler/cilt-bakimi.html]
[www.esteslineguzellik.com.tr/hizmetler/goz-cevresi-bakimi.html]
[www.esteslineguzellik.com.tr/hizmetler/epilasyon.html]
[www.esteslineguzellik.com.tr/hizmetler/bolgesel-incelme.html]
[www.esteslineguzellik.com.tr/hizmetler/el-ayak-bakimi.html]
[www.esteslineguzellik.com.tr/hizmetler/kalici-makyaj.html]
[www.esteslineguzellik.com.tr/hizmetler/ipek-kirpik.html]
[www.esteslineguzellik.com.tr/egitimler.html]
[www.esteslineguzellik.com.tr/egitimler/ds-v-line-collagen-ip-protokolu-egitimi.html]
[www.esteslineguzellik.com.tr/egitimler/kalici-makyaj-egitimi.html]
[www.esteslineguzellik.com.tr/egitimler/plazma-pen-egitimi.html]
[www.esteslineguzellik.com.tr/egitimler/microblading-egitimi.html]
[www.esteslineguzellik.com.tr/egitimler/ipek-kirpik-egitimi.html]
[www.esteslineguzellik.com.tr/egitimler/kirpik-lifting-egitimi.html]
[www.esteslineguzellik.com.tr/subeler.html]
[www.esteslineguzellik.com.tr/subeler/bagcilar-subesi.html]
[www.esteslineguzellik.com.tr/subeler/bayrampasa-subesi.html]
[www.esteslineguzellik.com.tr/subeler/nisantasi-subesi.html]
[www.esteslineguzellik.com.tr/videolar.html]
[www.esteslineguzellik.com.tr/ik.html]
[www.esteslineguzellik.com.tr/iletisim.html]
[www.esteslineguzellik.com.tr/uploads/slider/estesline_guzellik_salonu_guzellik_icin_her_sey.jpg]
[www.esteslineguzellik.com.tr/uploads/slider/estesline_guzellik_salonu_randevunuzu_hemen_alin.jpg]
[www.esteslineguzellik.com.tr/dsm_include/images/shape/shape-5.webp]
[www.esteslineguzellik.com.tr/dsm_include/images/about-5.jpg]
[www.esteslineguzellik.com.tr/dsm_include/images/shape/shape-7.webp]
[www.esteslineguzellik.com.tr/uploads/product_cat/estesline_guzellik_salonu_cilt_bakimi_1.png]
[www.esteslineguzellik.com.tr/uploads/product_cat/estesline_guzellik_salonu_goz_cevresi_bakimi_1.png]
[www.esteslineguzellik.com.tr/uploads/product_cat/estesline_guzellik_salonu_epilasyon_1.png]
[www.esteslineguzellik.com.tr/uploads/product_cat/estesline_guzellik_salonu_bolgesel_incelme_1.png]
[www.esteslineguzellik.com.tr/uploads/product_cat/estesline_guzellik_salonu_el_ayak_bakimi_1.png]
[www.esteslineguzellik.com.tr/uploads/product_cat/estesline_guzellik_salonu_kalici_makyaj_1.png]
[www.esteslineguzellik.com.tr/uploads/product_cat/estesline_guzellik_salonu_ipek_kirpik_1.png]
[www.esteslineguzellik.com.tr/dsm_include/images/services/service-bg.jpg]
[www.esteslineguzellik.com.tr/dsm_include/images/shape/shape-16.webp]
[www.esteslineguzellik.com.tr/dsm_include/images/shape/shape-18.webp]
[www.esteslineguzellik.com.tr/dsm_include/js/plugins/popper.min.js]
[www.esteslineguzellik.com.tr/dsm_include/js/plugins/bootstrap.min.js]
[www.esteslineguzellik.com.tr/dsm_include/js/plugins/swiper-bundle.min.js]
[www.esteslineguzellik.com.tr/dsm_include/js/plugins/nouislider.js]
[www.esteslineguzellik.com.tr/dsm_include/js/plugins/star-rating.js]
[www.esteslineguzellik.com.tr/dsm_include/js/plugins/nice-select2.js]
[www.esteslineguzellik.com.tr/dsm_include/js/plugins/glightbox.min.js]
[www.esteslineguzellik.com.tr/dsm_include/js/plugins/aos.js]
[www.esteslineguzellik.com.tr/dsm_include/js/main.js]
[www.esteslineguzellik.com.tr/dsm_include/js/jquery.min.js]
[www.esteslineguzellik.com.tr/index.html]
[www.esteslineguzellik.com.tr/dsm_include/js/jquery.fancybox.js]
[www.esteslineguzellik.com.tr/dsm_include/fonts/fontawesome-webfont3e6e3e6e.eot]
[www.esteslineguzellik.com.tr/dsm_include/fonts/fontawesome-webfontd41dd41d.eot]
[www.esteslineguzellik.com.tr/dsm_include/fonts/fontawesome-webfont3e6e3e6e.woff2]
[www.esteslineguzellik.com.tr/dsm_include/fonts/fontawesome-webfont3e6e3e6e.woff]
[www.esteslineguzellik.com.tr/dsm_include/fonts/fontawesome-webfont3e6e3e6e.ttf]
[www.esteslineguzellik.com.tr/dsm_include/css/plugins/font-awesome.min.css]
[www.esteslineguzellik.com.tr/dsm_include/fonts/fontawesome-webfont3e6e3e6e.svg]
[www.esteslineguzellik.com.tr/dsm_include/fonts/icofont.woff2]
[www.esteslineguzellik.com.tr/dsm_include/fonts/icofont.woff]
[www.esteslineguzellik.com.tr/dsm_include/css/plugins/icofont.min.css]
[www.esteslineguzellik.com.tr/dsm_include/css/plugins/bootstrap.min.css]
[www.esteslineguzellik.com.tr/dsm_include/css/plugins/animate.min.css]
[www.esteslineguzellik.com.tr/dsm_include/css/plugins/swiper-bundle.min.css]
[www.esteslineguzellik.com.tr/dsm_include/css/plugins/nouislider.css]
[www.esteslineguzellik.com.tr/dsm_include/images/star-empty.svg]
[www.esteslineguzellik.com.tr/dsm_include/css/plugins/star-rating.css]
[www.esteslineguzellik.com.tr/dsm_include/css/plugins/nice-select2.css]
[www.esteslineguzellik.com.tr/dsm_include/css/plugins/glightbox.min.css]
[www.esteslineguzellik.com.tr/dsm_include/css/plugins/aos.css]
[www.esteslineguzellik.com.tr/dsm_include/images/star-full.svg]
[www.esteslineguzellik.com.tr/dsm_include/images/about-shape.png]
[www.esteslineguzellik.com.tr/dsm_include/images/dots-1.svg]
[www.esteslineguzellik.com.tr/dsm_include/images/dots-2.svg]
[www.esteslineguzellik.com.tr/dsm_include/images/price-overlay.webp]
[www.esteslineguzellik.com.tr/dsm_include/images/quote.webp]
[www.esteslineguzellik.com.tr/dsm_include/images/about-shape.webp]
[www.esteslineguzellik.com.tr/dsm_include/images/about-shape-2.webp]
[www.esteslineguzellik.com.tr/dsm_include/images/about-shape-3.webp]
[www.esteslineguzellik.com.tr/dsm_include/images/dots.webp]
[www.esteslineguzellik.com.tr/dsm_include/images/shape/shape-20.webp]
[www.esteslineguzellik.com.tr/dsm_include/images/dots-2.webp]
[www.esteslineguzellik.com.tr/dsm_include/images/dots.jpg]
[www.esteslineguzellik.com.tr/dsm_include/images/why-chose.webp]
[www.esteslineguzellik.com.tr/dsm_include/css/style.min.css]
[www.esteslineguzellik.com.tr/dsm_include/css/jquery.fancybox.min.css]
[www.nigtekasansor.com/dsm_include/css/jquery.fancybox.min.css]
[www.esteslineguzellik.com.tr/a]
[www.esteslineguzellik.com.tr/POST]
[www.esteslineguzellik.com.tr/b.resolvedLink]
[www.esteslineguzellik.com.tr/schema.org/index.html]
[www.esteslineguzellik.com.tr/signals/iwl.js]
[connect.facebook.net/en_US/fbevents.js]
[www.esteslineguzellik.com.tr/dsm_include/images/page-banner.webp]
[www.esteslineguzellik.com.tr/uploads/pages/index.html]
[www.esteslineguzellik.com.tr/dsm_include/images/selin.jpg]
[www.esteslineguzellik.com.tr/hakkimizda.html]
[www.esteslineguzellik.com.tr/sertifikalar.html]
[www.esteslineguzellik.com.tr/uploads/pages/estesline_guzellik_salonu_ekibimiz.jpg]
[www.esteslineguzellik.com.tr/uploads/team/estesline_guzellik_salonu_selin_sohtorikoglu_2.jpg]
[www.esteslineguzellik.com.tr/uploads/team/estesline_guzellik_salonu_melike_demirtas__1.jpg]
[www.esteslineguzellik.com.tr/uploads/team/estesline_guzellik_salonu_basak_eser_1.jpg]
[www.esteslineguzellik.com.tr/uploads/team/estesline_guzellik_salonu_ebru__ural_1.jpg]
[www.esteslineguzellik.com.tr/uploads/team/estesline_guzellik_salonu_zehra_kaya_1.jpg]
[www.esteslineguzellik.com.tr/uploads/team/estesline_guzellik_salonu_hani_miralinaghi_1.jpg]
[www.esteslineguzellik.com.tr/ekibimiz.html]
[www.esteslineguzellik.com.tr/uploads/pages/estesline_guzellik_salonu_haberler.jpg]
[www.esteslineguzellik.com.tr/haberler.html]
[www.esteslineguzellik.com.tr/hizmetler.html]
[www.esteslineguzellik.com.tr/hizmetler/cilt-bakimi/collagen-ip-protokolu.html]
[www.esteslineguzellik.com.tr/uploads/product/ds_v_line_collagen_ip_protokolu_estesline_guzellik_salonu.jpg]
[www.esteslineguzellik.com.tr/hizmetler/cilt-bakimi/hydrafacial.html]
[www.esteslineguzellik.com.tr/uploads/product/estesline_guzellik_salonu_hydrafacial.jpg]
[www.esteslineguzellik.com.tr/hizmetler/cilt-bakimi/oxygeneo.html]
[www.esteslineguzellik.com.tr/uploads/product/estesline_guzellik_salonu_oxygeneo.jpg]
[www.esteslineguzellik.com.tr/hizmetler/cilt-bakimi/hassas-cilt-bakimi.html]
[www.esteslineguzellik.com.tr/uploads/product/estesline_guzellik_salonu_hassas_cilt_bakimi.jpg]
[www.esteslineguzellik.com.tr/hizmetler/cilt-bakimi/profesyonel-cilt-bakimi.html]
[www.esteslineguzellik.com.tr/uploads/product/estesline_guzellik_salonu_profesyonel_cilt_bakimi.jpg]
[www.esteslineguzellik.com.tr/hizmetler/cilt-bakimi/akne-bakimi.html]
[www.esteslineguzellik.com.tr/uploads/product/estesline_guzellik_salonu_akne_bakimi.jpg]
[www.esteslineguzellik.com.tr/hizmetler/cilt-bakimi/medikal-cilt-bakimi.html]
[www.esteslineguzellik.com.tr/uploads/product/estesline_guzellik_salonu_medikal_cilt_bakimi.jpg]
[www.esteslineguzellik.com.tr/hizmetler/cilt-bakimi/ameliyatsiz-yuz-genclestirme.html]
[www.esteslineguzellik.com.tr/uploads/product/estesline_guzellik_salonu_ameliyatsiz_yuz_genclestirme.jpg]
[www.esteslineguzellik.com.tr/hizmetler/cilt-bakimi/altin-bakimi.html]
[www.esteslineguzellik.com.tr/uploads/product/estesline_guzellik_salonu_altin_bakimi.jpg]
[www.esteslineguzellik.com.tr/hizmetler/cilt-bakimi/bb-meso-glow---kalici-fondoten.html]
[www.esteslineguzellik.com.tr/uploads/product/estesline_guzellik_salonu_bb_meso_glow___kalici_fondoten.jpg]
[www.esteslineguzellik.com.tr/hizmetler/cilt-bakimi.html]
[www.esteslineguzellik.com.tr/hizmetler/goz-cevresi-bakimi/eyelift.html]
[www.esteslineguzellik.com.tr/uploads/product/estesline_guzellik_salonu_eyelift.jpg]
[www.esteslineguzellik.com.tr/hizmetler/goz-cevresi-bakimi/eyecell.html]
[www.esteslineguzellik.com.tr/uploads/product/estesline_guzellik_salonu_eyecell.jpg]
[www.esteslineguzellik.com.tr/hizmetler/goz-cevresi-bakimi.html]
[www.esteslineguzellik.com.tr/hizmetler/epilasyon/epilasyon.html]
[www.esteslineguzellik.com.tr/uploads/product/estesline_guzellik_salonu_epilasyon.jpg]
[www.esteslineguzellik.com.tr/hizmetler/epilasyon.html]
[www.esteslineguzellik.com.tr/hizmetler/bolgesel-incelme/radyo-frekans.html]
[www.esteslineguzellik.com.tr/uploads/product/estesline_guzellik_salonu_radyo_frekans.jpg]
[www.esteslineguzellik.com.tr/hizmetler/bolgesel-incelme/ultrasonik-dalga--kavitasyon-.html]
[www.esteslineguzellik.com.tr/uploads/product/estesline_guzellik_salonu_ultrasonik_dalga__kavitasyon_.jpg]
[www.esteslineguzellik.com.tr/hizmetler/bolgesel-incelme/selulit-bakimi.html]
[www.esteslineguzellik.com.tr/uploads/product/estesline_guzellik_salonu_selulit_bakimi.jpg]
[www.esteslineguzellik.com.tr/hizmetler/bolgesel-incelme/lenf-drenaj.html]
[www.esteslineguzellik.com.tr/uploads/product/estesline_guzellik_salonu_lenf_drenaj.jpg]
[www.esteslineguzellik.com.tr/hizmetler/bolgesel-incelme.html]
[www.esteslineguzellik.com.tr/hizmetler/el-ayak-bakimi/protez-tirnak-jel.html]
[www.esteslineguzellik.com.tr/uploads/product/estesline_guzellik_salonu_protez_tirnak_jel.jpg]
[www.esteslineguzellik.com.tr/hizmetler/el-ayak-bakimi/protez-tirnak-akrilik.html]
[www.esteslineguzellik.com.tr/uploads/product/estesline_guzellik_salonu_protez_tirnak_akrilik.jpg]
[www.esteslineguzellik.com.tr/hizmetler/el-ayak-bakimi/kalici-oje.html]
[www.esteslineguzellik.com.tr/uploads/product/estesline_guzellik_salonu_kalici_oje.jpg]
[www.esteslineguzellik.com.tr/hizmetler/el-ayak-bakimi/kuru-manikur---pedikur.html]
[www.esteslineguzellik.com.tr/uploads/product/estesline_guzellik_salonu_kuru_manikur___pedikur.jpg]
[www.esteslineguzellik.com.tr/hizmetler/el-ayak-bakimi/manikur---pedikur.html]
[www.esteslineguzellik.com.tr/uploads/product/estesline_guzellik_salonu_manikur___pedikur.jpg]
[www.esteslineguzellik.com.tr/hizmetler/el-ayak-bakimi/tirnak-yeme-bakimi.html]
[www.esteslineguzellik.com.tr/uploads/product/estesline_guzellik_salonu_tirnak_yeme_bakimi.jpg]
[www.esteslineguzellik.com.tr/hizmetler/el-ayak-bakimi/tirnak-guclendirme-bakimi.html]
[www.esteslineguzellik.com.tr/uploads/product/estesline_guzellik_salonu_tirnak_guclendirme_bakimi.jpg]
[www.esteslineguzellik.com.tr/hizmetler/el-ayak-bakimi.html]
[www.esteslineguzellik.com.tr/hizmetler/kalici-makyaj/eyeliner.html]
[www.esteslineguzellik.com.tr/uploads/product/estesline_guzellik_salonu_eyeliner.jpg]
[www.esteslineguzellik.com.tr/hizmetler/kalici-makyaj/dipliner.html]
[www.esteslineguzellik.com.tr/uploads/product/estesline_guzellik_salonu_dipliner.jpg]
[www.esteslineguzellik.com.tr/hizmetler/kalici-makyaj/kalici-makyaj-kil-teknigi.html]
[www.esteslineguzellik.com.tr/uploads/product/estesline_guzellik_salonu_kalici_makyaj_kil_teknigi.jpg]
[www.esteslineguzellik.com.tr/hizmetler/kalici-makyaj/kas-silme.html]
[www.esteslineguzellik.com.tr/uploads/product/estesline_guzellik_salonu_kas_silme.jpg]
[www.esteslineguzellik.com.tr/hizmetler/kalici-makyaj.html]
[www.esteslineguzellik.com.tr/hizmetler/ipek-kirpik/kirpik-lifting.html]
[www.esteslineguzellik.com.tr/uploads/product/estesline_guzellik_salonu_kirpik_lifting.jpg]
[www.esteslineguzellik.com.tr/hizmetler/ipek-kirpik/kirpik-perma--boya.html]
[www.esteslineguzellik.com.tr/uploads/product/estesline_guzellik_salonu_kirpik_perma___boya.jpg]
[www.esteslineguzellik.com.tr/hizmetler/ipek-kirpik.html]
[www.esteslineguzellik.com.tr/uploads/service/estesline_guzellik_salonu_ds_v_line_collagen_ip_protokolu_egitimi_1.jpg]
[www.esteslineguzellik.com.tr/dsm_include/images/shape/shape-4.webp]
[www.esteslineguzellik.com.tr/uploads/service/estesline_guzellik_salonu_kalici_makyaj_egitimi.jpg]
[www.esteslineguzellik.com.tr/uploads/service/estesline_guzellik_salonu_plazma_pen_egitimi.jpg]
[www.esteslineguzellik.com.tr/uploads/service/estesline_guzellik_salonu_microblading_egitimi.jpg]
[www.esteslineguzellik.com.tr/uploads/service/estesline_guzellik_salonu_ipek_kirpik_egitimi.jpg]
[www.esteslineguzellik.com.tr/uploads/service/estesline_guzellik_salonu_kirpik_lifting_egitimi.jpg]
[www.esteslineguzellik.com.tr/egitimler.html]
[www.esteslineguzellik.com.tr/uploads/product/other/2.jpg]
[www.esteslineguzellik.com.tr/uploads/product/other/4.jpg]
[www.esteslineguzellik.com.tr/uploads/product/other/11111.jpg]
[www.esteslineguzellik.com.tr/uploads/product/other/5555.jpg]
[www.esteslineguzellik.com.tr/egitimler/ds-v-line-collagen-ip-protokolu-egitimi.html]
[www.esteslineguzellik.com.tr/egitimler/kalici-makyaj-egitimi.html]
[www.esteslineguzellik.com.tr/egitimler/plazma-pen-egitimi.html]
[www.esteslineguzellik.com.tr/egitimler/microblading-egitimi.html]
[www.esteslineguzellik.com.tr/egitimler/ipek-kirpik-egitimi.html]
[www.esteslineguzellik.com.tr/egitimler/kirpik-lifting-egitimi.html]
[www.esteslineguzellik.com.tr/cdn-cgi/l/email-protection.html]
[www.esteslineguzellik.com.tr/subeler.html]
[www.esteslineguzellik.com.tr/subeler/bagcilar-subesi.html]
[www.esteslineguzellik.com.tr/subeler/bayrampasa-subesi.html]
[www.esteslineguzellik.com.tr/subeler/nisantasi-subesi.html]
[www.esteslineguzellik.com.tr/videolar.html]
[www.esteslineguzellik.com.tr/ik.html]
[www.esteslineguzellik.com.tr/cdn-cgi/scripts/5c5dd728/cloudflare-static/email-decode.min.js]
[www.esteslineguzellik.com.tr/uploads/product/index.html]
[www.esteslineguzellik.com.tr/dsm_include/images/about.png]
[www.esteslineguzellik.com.tr/iletisim.html]
[www.esteslineguzellik.com.tr/dsm_include/fonts/fontawesome-webfont3e6e3e6e.svg]
[www.esteslineguzellik.com.tr/dsm_include/images/star-empty.svg]
[www.esteslineguzellik.com.tr/dsm_include/images/star-full.svg]
[www.esteslineguzellik.com.tr/dsm_include/images/dots-1.svg]
[www.esteslineguzellik.com.tr/dsm_include/images/dots-2.svg]
[www.esteslineguzellik.com.tr/dsm_include/images/shape/shape-20.html]
[www.esteslineguzellik.com.tr/a.html]
[www.esteslineguzellik.com.tr/POST.html]
[www.esteslineguzellik.com.tr/schema.org/index.html]
[www.esteslineguzellik.com.tr/b.html]
[www.esteslineguzellik.com.tr/signals/iwl.html]
[www.esteslineguzellik.com.tr/_autoindex/assets/css/autoindex.css]
[www.esteslineguzellik.com.tr/_autoindex/assets/js/tablesort.js]
[www.esteslineguzellik.com.tr/_autoindex/assets/js/tablesort.number.js]
[www.esteslineguzellik.com.tr/_autoindex/assets/icons/corner-left-up.svg]
[www.esteslineguzellik.com.tr/uploads/pages/index.html]
[www.esteslineguzellik.com.tr/uploads/pages/estesline_guzellik_salonu_haberler.html]
[www.esteslineguzellik.com.tr/_autoindex/assets/icons/image.svg]
[www.esteslineguzellik.com.tr/uploads/pages/index9a11.html]
[www.esteslineguzellik.com.tr/uploads/pages/index2a60.html]
[www.esteslineguzellik.com.tr/uploads/pages/index3dd6.html]
[www.esteslineguzellik.com.tr/uploads/product/other/dsv.jpg]
[www.esteslineguzellik.com.tr/hizmetler/cilt-bakimi/collagen-ip-protokolu.html]
[www.esteslineguzellik.com.tr/uploads/index.html]
[www.esteslineguzellik.com.tr/uploads/product/other/hydra.jpg]
[www.esteslineguzellik.com.tr/hizmetler/cilt-bakimi/hydrafacial.html]
[www.esteslineguzellik.com.tr/uploads/product/other/oxy.jpg]
[www.esteslineguzellik.com.tr/hizmetler/cilt-bakimi/oxygeneo.html]
[www.esteslineguzellik.com.tr/uploads/product/other/hassas.jpg]
[www.esteslineguzellik.com.tr/hizmetler/cilt-bakimi/hassas-cilt-bakimi.html]
[www.esteslineguzellik.com.tr/uploads/product/other/profesyonel_cilt_bakimi.jpg]
[www.esteslineguzellik.com.tr/hizmetler/cilt-bakimi/profesyonel-cilt-bakimi.html]
[www.esteslineguzellik.com.tr/uploads/product/other/akne_bakimi.jpg]
[www.esteslineguzellik.com.tr/hizmetler/cilt-bakimi/akne-bakimi.html]
[www.esteslineguzellik.com.tr/uploads/product/other/medikal_cilt_bakimi.jpg]
[www.esteslineguzellik.com.tr/hizmetler/cilt-bakimi/medikal-cilt-bakimi.html]
[www.esteslineguzellik.com.tr/uploads/product/other/genletirme.jpg]
[www.esteslineguzellik.com.tr/hizmetler/cilt-bakimi/ameliyatsiz-yuz-genclestirme.html]
[www.esteslineguzellik.com.tr/uploads/product/other/altn.jpg]
[www.esteslineguzellik.com.tr/hizmetler/cilt-bakimi/altin-bakimi.html]
[www.esteslineguzellik.com.tr/uploads/product/other/bb_meso_glow.jpg]
[www.esteslineguzellik.com.tr/hizmetler/cilt-bakimi/bb-meso-glow---kalici-fondoten.html]
[www.esteslineguzellik.com.tr/uploads/product/other/eyelift.jpg]
[www.esteslineguzellik.com.tr/hizmetler/goz-cevresi-bakimi/eyelift.html]
[www.esteslineguzellik.com.tr/uploads/product/other/eyecell.jpg]
[www.esteslineguzellik.com.tr/hizmetler/goz-cevresi-bakimi/eyecell.html]
[www.esteslineguzellik.com.tr/uploads/product/other/epilasyon.jpg]
[www.esteslineguzellik.com.tr/hizmetler/epilasyon/epilasyon.html]
[www.esteslineguzellik.com.tr/uploads/product/other/radyo_frekans.jpg]
[www.esteslineguzellik.com.tr/hizmetler/bolgesel-incelme/radyo-frekans.html]
[www.esteslineguzellik.com.tr/uploads/product/other/kavitasyon.jpg]
[www.esteslineguzellik.com.tr/hizmetler/bolgesel-incelme/ultrasonik-dalga--kavitasyon-.html]
[www.esteslineguzellik.com.tr/uploads/product/other/foto_upload_3661820996.jpg]
[www.esteslineguzellik.com.tr/hizmetler/bolgesel-incelme/selulit-bakimi.html]
[www.esteslineguzellik.com.tr/uploads/product/other/lenf_drenaj.jpg]
[www.esteslineguzellik.com.tr/hizmetler/bolgesel-incelme/lenf-drenaj.html]
[www.esteslineguzellik.com.tr/uploads/product/other/e1.jpg]
[www.esteslineguzellik.com.tr/uploads/product/other/e1_1.jpg]
[www.esteslineguzellik.com.tr/hizmetler/el-ayak-bakimi/protez-tirnak-jel.html]
[www.esteslineguzellik.com.tr/uploads/product/other/e2.jpg]
[www.esteslineguzellik.com.tr/hizmetler/el-ayak-bakimi/protez-tirnak-akrilik.html]
[www.esteslineguzellik.com.tr/uploads/product/other/e3.jpg]
[www.esteslineguzellik.com.tr/hizmetler/el-ayak-bakimi/kalici-oje.html]
[www.esteslineguzellik.com.tr/uploads/product/other/e4.jpg]
[www.esteslineguzellik.com.tr/hizmetler/el-ayak-bakimi/kuru-manikur---pedikur.html]
[www.esteslineguzellik.com.tr/uploads/product/other/e5.jpg]
[www.esteslineguzellik.com.tr/hizmetler/el-ayak-bakimi/manikur---pedikur.html]
[www.esteslineguzellik.com.tr/uploads/product/other/e6.jpg]
[www.esteslineguzellik.com.tr/uploads/product/other/essss.jpg]
[www.esteslineguzellik.com.tr/hizmetler/el-ayak-bakimi/tirnak-yeme-bakimi.html]
[www.esteslineguzellik.com.tr/hizmetler/el-ayak-bakimi/tirnak-guclendirme-bakimi.html]
[www.esteslineguzellik.com.tr/uploads/product/other/eyeliner.jpg]
[www.esteslineguzellik.com.tr/hizmetler/kalici-makyaj/eyeliner.html]
[www.esteslineguzellik.com.tr/uploads/product/other/dipliner.jpg]
[www.esteslineguzellik.com.tr/hizmetler/kalici-makyaj/dipliner.html]
[www.esteslineguzellik.com.tr/uploads/product/other/kl.jpg]
[www.esteslineguzellik.com.tr/hizmetler/kalici-makyaj/kalici-makyaj-kil-teknigi.html]
[www.esteslineguzellik.com.tr/uploads/product/other/silme_ka.jpg]
[www.esteslineguzellik.com.tr/hizmetler/kalici-makyaj/kas-silme.html]
[www.esteslineguzellik.com.tr/uploads/product/other/kiprik.jpg]
[www.esteslineguzellik.com.tr/hizmetler/ipek-kirpik/kirpik-lifting.html]
[www.esteslineguzellik.com.tr/uploads/product/other/boya_kiprik.jpg]
[www.esteslineguzellik.com.tr/hizmetler/ipek-kirpik/kirpik-perma--boya.html]
[www.esteslineguzellik.com.tr/dsm_include/images/shape/shape-4.html]
[www.esteslineguzellik.com.tr/cdn-cgi/l/email-protection.html]
[www.esteslineguzellik.com.tr/_autoindex/assets/icons/folder-fill.svg]
[www.esteslineguzellik.com.tr/uploads/product/index9a11.html]
[www.esteslineguzellik.com.tr/uploads/product/index2a60.html]
[www.esteslineguzellik.com.tr/uploads/product/index3dd6.html]
[www.esteslineguzellik.com.tr/uploads/product/estesline_guzellik_salonu_aromaterapi_masaji.jpg]
[www.esteslineguzellik.com.tr/uploads/product/other/index.html]
[www.esteslineguzellik.com.tr/uploads/product/estesline_guzellik_salonu_ipek_kirpik.jpg]
[www.esteslineguzellik.com.tr/uploads/product/estesline_guzellik_salonu_isvec_masaji.jpg]
[www.esteslineguzellik.com.tr/uploads/product/estesline_guzellik_salonu_plazma_pen.jpg]
[www.esteslineguzellik.com.tr/uploads/product/estesline_guzellik_salonu_selulit_masaji.jpg]
[www.esteslineguzellik.com.tr/uploads/product/estesline_guzellik_salonu_soguk_lipoliz.jpg]
[www.esteslineguzellik.com.tr/uploads/product/index.html]
[www.esteslineguzellik.com.tr/_autoindex/assets/css/autoindex.css]
[www.esteslineguzellik.com.tr/uploads/pages/index9a11.html]
[www.esteslineguzellik.com.tr/uploads/pages/index2a60.html]
[www.esteslineguzellik.com.tr/uploads/pages/index3dd6.html]
[www.esteslineguzellik.com.tr/uploads/index.html]
[www.esteslineguzellik.com.tr/uploads/pages/index7dc1.html]
[www.esteslineguzellik.com.tr/_autoindex/assets/icons/corner-left-up.svg]
[www.esteslineguzellik.com.tr/uploads/pages/indexd4cd.html]
[www.esteslineguzellik.com.tr/uploads/pages/index38f9.html]
[www.esteslineguzellik.com.tr/uploads/index9a11.html]
[www.esteslineguzellik.com.tr/_autoindex/assets/icons/image.svg]
[www.esteslineguzellik.com.tr/uploads/product/index9a11.html]
[www.esteslineguzellik.com.tr/uploads/index2a60.html]
[www.esteslineguzellik.com.tr/uploads/product/index2a60.html]
[www.esteslineguzellik.com.tr/uploads/index3dd6.html]
[www.esteslineguzellik.com.tr/uploads/certificate/index.html]
[www.esteslineguzellik.com.tr/uploads/new_cat/index.html]
[www.esteslineguzellik.com.tr/uploads/product/index3dd6.html]
[www.esteslineguzellik.com.tr/uploads/product_cat/index.html]
[www.esteslineguzellik.com.tr/uploads/service/index.html]
[www.esteslineguzellik.com.tr/uploads/team/index.html]
[www.esteslineguzellik.com.tr/uploads/slider/index.html]
[www.esteslineguzellik.com.tr/uploads/product/indexd4cd.html]
[www.esteslineguzellik.com.tr/uploads/product/other/ipek_kirpik.jpg]
[www.esteslineguzellik.com.tr/uploads/product/index7dc1.html]
[www.esteslineguzellik.com.tr/uploads/product/index38f9.html]
[www.esteslineguzellik.com.tr/uploads/product/other/masaj1.jpg]
[www.esteslineguzellik.com.tr/uploads/product/other/index9a11.html]
[www.esteslineguzellik.com.tr/uploads/product/other/index2a60.html]
[www.esteslineguzellik.com.tr/uploads/product/other/index3dd6.html]
[www.esteslineguzellik.com.tr/uploads/product/other/masaj2.jpg]
[www.esteslineguzellik.com.tr/uploads/product/other/masaj3.jpg]
[www.esteslineguzellik.com.tr/uploads/product/other/plazma.jpg]
[www.esteslineguzellik.com.tr/uploads/product/other/soguk_lipofiz.jpg]
[www.esteslineguzellik.com.tr/uploads/product/other/index.html]
[www.esteslineguzellik.com.tr/_autoindex/assets/icons/folder-fill.svg]
[www.esteslineguzellik.com.tr/uploads/pages/indexd4cd.html]
[www.esteslineguzellik.com.tr/uploads/pages/index7dc1.html]
[www.esteslineguzellik.com.tr/uploads/pages/index38f9.html]
[www.esteslineguzellik.com.tr/uploads/index9a11.html]
[www.esteslineguzellik.com.tr/uploads/index2a60.html]
[www.esteslineguzellik.com.tr/uploads/index3dd6.html]
[www.esteslineguzellik.com.tr/uploads/certificate/index.html]
[www.esteslineguzellik.com.tr/uploads/index38f9.html]
[www.esteslineguzellik.com.tr/uploads/indexd4cd.html]
[www.esteslineguzellik.com.tr/uploads/index7dc1.html]
[www.esteslineguzellik.com.tr/uploads/certificate/index9a11.html]
[www.esteslineguzellik.com.tr/uploads/certificate/index2a60.html]
[www.esteslineguzellik.com.tr/uploads/certificate/index3dd6.html]
[www.esteslineguzellik.com.tr/uploads/new_cat/estesline_guzellik_salonu_haberler.jpg]
[www.esteslineguzellik.com.tr/uploads/new_cat/index.html]
[www.esteslineguzellik.com.tr/uploads/product_cat/index.html]
[www.esteslineguzellik.com.tr/uploads/new_cat/index9a11.html]
[www.esteslineguzellik.com.tr/uploads/service/index.html]
[www.esteslineguzellik.com.tr/uploads/new_cat/index2a60.html]
[www.esteslineguzellik.com.tr/uploads/new_cat/index3dd6.html]
[www.esteslineguzellik.com.tr/uploads/product_cat/index9a11.html]
[www.esteslineguzellik.com.tr/uploads/slider/index.html]
[www.esteslineguzellik.com.tr/uploads/product_cat/index2a60.html]
[www.esteslineguzellik.com.tr/uploads/product_cat/index3dd6.html]
[www.esteslineguzellik.com.tr/uploads/service/index2a60.html]
[www.esteslineguzellik.com.tr/uploads/service/index9a11.html]
[www.esteslineguzellik.com.tr/uploads/service/index3dd6.html]
[www.esteslineguzellik.com.tr/uploads/team/estesline_guzellik_salonu_didem_yeli.jpg]
[www.esteslineguzellik.com.tr/uploads/slider/index9a11.html]
[www.esteslineguzellik.com.tr/uploads/slider/index3dd6.html]
[www.esteslineguzellik.com.tr/uploads/team/index9a11.html]
[www.esteslineguzellik.com.tr/uploads/team/estesline_guzellik_salonu_melike_demirtas.jpg]
[www.esteslineguzellik.com.tr/uploads/team/index3dd6.html]
[www.esteslineguzellik.com.tr/uploads/slider/index2a60.html]
[www.esteslineguzellik.com.tr/uploads/team/index2a60.html]
[www.esteslineguzellik.com.tr/uploads/team/estesline_guzellik_salonu_selin_sohtorikoglu.jpg]
[www.esteslineguzellik.com.tr/uploads/team/index.html]
[www.esteslineguzellik.com.tr/uploads/product/indexd4cd.html]
[www.esteslineguzellik.com.tr/uploads/product/index7dc1.html]
[www.esteslineguzellik.com.tr/uploads/product/index38f9.html]
[www.esteslineguzellik.com.tr/uploads/product/other/index9a11.html]
[www.esteslineguzellik.com.tr/uploads/product/other/index2a60.html]
[www.esteslineguzellik.com.tr/uploads/product/other/index3dd6.html]
[www.esteslineguzellik.com.tr/uploads/indexd4cd.html]
[www.esteslineguzellik.com.tr/uploads/index7dc1.html]
[www.esteslineguzellik.com.tr/uploads/index38f9.html]
[www.esteslineguzellik.com.tr/uploads/certificate/index9a11.html]
[www.esteslineguzellik.com.tr/uploads/product/other/index7dc1.html]
[www.esteslineguzellik.com.tr/uploads/certificate/index2a60.html]
[www.esteslineguzellik.com.tr/uploads/product/other/indexd4cd.html]
[www.esteslineguzellik.com.tr/uploads/certificate/index3dd6.html]
[www.esteslineguzellik.com.tr/uploads/product/other/index38f9.html]
[www.esteslineguzellik.com.tr/uploads/certificate/indexd4cd.html]
[www.esteslineguzellik.com.tr/uploads/new_cat/index9a11.html]
[www.esteslineguzellik.com.tr/uploads/new_cat/index2a60.html]
[www.esteslineguzellik.com.tr/uploads/certificate/index7dc1.html]
[www.esteslineguzellik.com.tr/uploads/new_cat/index3dd6.html]
[www.esteslineguzellik.com.tr/uploads/certificate/index38f9.html]
[www.esteslineguzellik.com.tr/uploads/new_cat/indexd4cd.html]
[www.esteslineguzellik.com.tr/uploads/new_cat/index7dc1.html]
[www.esteslineguzellik.com.tr/uploads/product_cat/index9a11.html]
[www.esteslineguzellik.com.tr/uploads/product_cat/index2a60.html]
[www.esteslineguzellik.com.tr/uploads/product_cat/index3dd6.html]
[www.esteslineguzellik.com.tr/uploads/new_cat/index38f9.html]
[www.esteslineguzellik.com.tr/uploads/service/index9a11.html]
[www.esteslineguzellik.com.tr/uploads/product_cat/indexd4cd.html]
[www.esteslineguzellik.com.tr/uploads/product_cat/index7dc1.html]
[www.esteslineguzellik.com.tr/uploads/product_cat/index38f9.html]
[www.esteslineguzellik.com.tr/uploads/service/index2a60.html]
[www.esteslineguzellik.com.tr/uploads/service/index3dd6.html]
[www.esteslineguzellik.com.tr/uploads/slider/index9a11.html]
[www.esteslineguzellik.com.tr/uploads/service/indexd4cd.html]
[www.esteslineguzellik.com.tr/uploads/slider/index2a60.html]
[www.esteslineguzellik.com.tr/uploads/service/index7dc1.html]
[www.esteslineguzellik.com.tr/uploads/service/index38f9.html]
[www.esteslineguzellik.com.tr/uploads/slider/indexd4cd.html]
[www.esteslineguzellik.com.tr/uploads/slider/index3dd6.html]
[www.esteslineguzellik.com.tr/uploads/team/index9a11.html]
[www.esteslineguzellik.com.tr/uploads/team/index2a60.html]
[www.esteslineguzellik.com.tr/uploads/slider/index7dc1.html]
[www.esteslineguzellik.com.tr/uploads/team/index3dd6.html]
[www.esteslineguzellik.com.tr/uploads/team/indexd4cd.html]
[www.esteslineguzellik.com.tr/uploads/product/other/indexd4cd.html]
[www.esteslineguzellik.com.tr/uploads/product/other/index7dc1.html]
[www.esteslineguzellik.com.tr/uploads/product/other/index38f9.html]
[www.esteslineguzellik.com.tr/uploads/certificate/indexd4cd.html]
[www.esteslineguzellik.com.tr/uploads/certificate/index7dc1.html]
[www.esteslineguzellik.com.tr/uploads/certificate/index38f9.html]
[www.esteslineguzellik.com.tr/uploads/new_cat/indexd4cd.html]
[www.esteslineguzellik.com.tr/uploads/new_cat/index7dc1.html]
[www.esteslineguzellik.com.tr/uploads/new_cat/index38f9.html]
[www.esteslineguzellik.com.tr/uploads/product_cat/indexd4cd.html]
[www.esteslineguzellik.com.tr/uploads/product_cat/index7dc1.html]
[www.esteslineguzellik.com.tr/uploads/product_cat/index38f9.html]
[www.esteslineguzellik.com.tr/uploads/service/indexd4cd.html]
[www.esteslineguzellik.com.tr/uploads/service/index7dc1.html]
[www.esteslineguzellik.com.tr/uploads/service/index38f9.html]
[www.esteslineguzellik.com.tr/uploads/slider/indexd4cd.html]
[www.esteslineguzellik.com.tr/uploads/slider/index7dc1.html]
[www.esteslineguzellik.com.tr/uploads/slider/index38f9.html]
[www.esteslineguzellik.com.tr/uploads/team/index7dc1.html]
[www.esteslineguzellik.com.tr/uploads/slider/index38f9.html]
[www.esteslineguzellik.com.tr/uploads/team/indexd4cd.html]
[www.esteslineguzellik.com.tr/uploads/team/index7dc1.html]
[www.esteslineguzellik.com.tr/uploads/team/index38f9.html]
[www.esteslineguzellik.com.tr/uploads/team/index38f9.html]
